// Bun Snapshot v1, https://goo.gl/fbAQLP

exports[`FFMPEG MP3 Audio only 1`] = `
{
  "sigBytes": 32,
  "words": [
    675151534,
    812363979,
    874854964,
    -912879411,
    -1607286948,
    2067465579,
    -376983114,
    -723715869,
  ],
}
`;

exports[`FFMPEG MP3 Audio with Metadata 1`] = `
{
  "sigBytes": 32,
  "words": [
    -1590487131,
    80247706,
    376943452,
    1697193364,
    -1922663658,
    -1478818971,
    -105388837,
    1731139771,
  ],
}
`;
