// Jest Snapshot v1, https://jestjs.io/docs/snapshot-testing

exports[`Downloading 3 Concurrent videos 1`] = `
Sha256 {
  "_a": -746243170,
  "_b": 1120693629,
  "_block": {
    "data": [
      0,
      0,
      0,
      0,
      76,
      97,
      118,
      102,
      53,
      57,
      46,
      50,
      55,
      46,
      49,
      48,
      48,
      0,
      0,
      109,
      100,
      105,
      114,
      97,
      112,
      112,
      108,
      0,
      0,
      0,
      0,
      0,
      0,
      0,
      0,
      0,
      0,
      0,
      0,
      45,
      105,
      108,
      115,
      116,
      0,
      0,
      0,
      37,
      169,
      116,
      111,
      111,
      0,
      0,
      0,
      29,
      100,
      97,
      116,
      97,
      0,
      0,
      0,
      1,
    ],
    "type": "Buffer",
  },
  "_blockSize": 64,
  "_c": -311441869,
  "_d": -1626511018,
  "_e": -2037773801,
  "_f": -603391055,
  "_finalSize": 56,
  "_g": 626987033,
  "_h": 1492319933,
  "_len": 746705,
  "_w": [
    0,
    8552,
    1684828672,
    0,
    109,
    1684632161,
    1886415872,
    0,
    0,
    45,
    1768715124,
    37,
    -1451987089,
    29,
    1684108385,
    1,
    1828686717,
    2050131099,
    -1724475865,
    -1773138310,
    751769684,
    -443456025,
    -543421383,
    192279968,
    1542059998,
    -692077360,
    247979750,
    675186254,
    -575042395,
    115187851,
    1774773513,
    -707223038,
    1251221319,
    -938736731,
    843516379,
    1634955055,
    596123291,
    -1794696780,
    -31777425,
    -1877923142,
    1701461720,
    -206447429,
    28170870,
    1424115365,
    1210786005,
    -1758147185,
    634136589,
    -1163047268,
    567094215,
    1254613796,
    1088662396,
    -317486893,
    426132725,
    2004925339,
    -784890593,
    810751643,
    17442330,
    -1194077266,
    405552855,
    1836428146,
    -1760668045,
    -567685810,
    -1250322560,
    1534896820,
  ],
}
`;

exports[`Downloading 3 Concurrent videos 2`] = `
Sha256 {
  "_a": -746243170,
  "_b": 1120693629,
  "_block": {
    "data": [
      0,
      0,
      0,
      0,
      76,
      97,
      118,
      102,
      53,
      57,
      46,
      50,
      55,
      46,
      49,
      48,
      48,
      0,
      0,
      109,
      100,
      105,
      114,
      97,
      112,
      112,
      108,
      0,
      0,
      0,
      0,
      0,
      0,
      0,
      0,
      0,
      0,
      0,
      0,
      45,
      105,
      108,
      115,
      116,
      0,
      0,
      0,
      37,
      169,
      116,
      111,
      111,
      0,
      0,
      0,
      29,
      100,
      97,
      116,
      97,
      0,
      0,
      0,
      1,
    ],
    "type": "Buffer",
  },
  "_blockSize": 64,
  "_c": -311441869,
  "_d": -1626511018,
  "_e": -2037773801,
  "_f": -603391055,
  "_finalSize": 56,
  "_g": 626987033,
  "_h": 1492319933,
  "_len": 746705,
  "_w": [
    0,
    8552,
    1684828672,
    0,
    109,
    1684632161,
    1886415872,
    0,
    0,
    45,
    1768715124,
    37,
    -1451987089,
    29,
    1684108385,
    1,
    1828686717,
    2050131099,
    -1724475865,
    -1773138310,
    751769684,
    -443456025,
    -543421383,
    192279968,
    1542059998,
    -692077360,
    247979750,
    675186254,
    -575042395,
    115187851,
    1774773513,
    -707223038,
    1251221319,
    -938736731,
    843516379,
    1634955055,
    596123291,
    -1794696780,
    -31777425,
    -1877923142,
    1701461720,
    -206447429,
    28170870,
    1424115365,
    1210786005,
    -1758147185,
    634136589,
    -1163047268,
    567094215,
    1254613796,
    1088662396,
    -317486893,
    426132725,
    2004925339,
    -784890593,
    810751643,
    17442330,
    -1194077266,
    405552855,
    1836428146,
    -1760668045,
    -567685810,
    -1250322560,
    1534896820,
  ],
}
`;

exports[`Downloading 3 Concurrent videos 3`] = `
Sha256 {
  "_a": -746243170,
  "_b": 1120693629,
  "_block": {
    "data": [
      0,
      0,
      0,
      0,
      76,
      97,
      118,
      102,
      53,
      57,
      46,
      50,
      55,
      46,
      49,
      48,
      48,
      0,
      0,
      109,
      100,
      105,
      114,
      97,
      112,
      112,
      108,
      0,
      0,
      0,
      0,
      0,
      0,
      0,
      0,
      0,
      0,
      0,
      0,
      45,
      105,
      108,
      115,
      116,
      0,
      0,
      0,
      37,
      169,
      116,
      111,
      111,
      0,
      0,
      0,
      29,
      100,
      97,
      116,
      97,
      0,
      0,
      0,
      1,
    ],
    "type": "Buffer",
  },
  "_blockSize": 64,
  "_c": -311441869,
  "_d": -1626511018,
  "_e": -2037773801,
  "_f": -603391055,
  "_finalSize": 56,
  "_g": 626987033,
  "_h": 1492319933,
  "_len": 746705,
  "_w": [
    0,
    8552,
    1684828672,
    0,
    109,
    1684632161,
    1886415872,
    0,
    0,
    45,
    1768715124,
    37,
    -1451987089,
    29,
    1684108385,
    1,
    1828686717,
    2050131099,
    -1724475865,
    -1773138310,
    751769684,
    -443456025,
    -543421383,
    192279968,
    1542059998,
    -692077360,
    247979750,
    675186254,
    -575042395,
    115187851,
    1774773513,
    -707223038,
    1251221319,
    -938736731,
    843516379,
    1634955055,
    596123291,
    -1794696780,
    -31777425,
    -1877923142,
    1701461720,
    -206447429,
    28170870,
    1424115365,
    1210786005,
    -1758147185,
    634136589,
    -1163047268,
    567094215,
    1254613796,
    1088662396,
    -317486893,
    426132725,
    2004925339,
    -784890593,
    810751643,
    17442330,
    -1194077266,
    405552855,
    1836428146,
    -1760668045,
    -567685810,
    -1250322560,
    1534896820,
  ],
}
`;
